[INFO] Scanning for projects...
[INFO] 
[INFO] -----------------< com.eventvenue:eventvenue-backend >------------------
[INFO] Building EventVenue Backend 1.0.0
[INFO]   from pom.xml
[INFO] --------------------------------[ jar ]---------------------------------
[WARNING] The artifact mysql:mysql-connector-java:jar:8.0.33 has been relocated to com.mysql:mysql-connector-j:jar:8.0.33: MySQL Connector/J artifacts moved to reverse-DNS compliant Maven 2+ coordinates.
[INFO] 
[INFO] --- clean:3.3.2:clean (default-clean) @ eventvenue-backend ---
[INFO] Deleting C:\Users\saisw\OneDrive\SriSai\Elite\working\Final Project\eventvenuebookingplatform72224233 (12)\backend\target
[INFO] 
[INFO] --- resources:3.3.1:resources (default-resources) @ eventvenue-backend ---
[INFO] Copying 2 resources from src\main\resources to target\classes
[INFO] Copying 2 resources from src\main\resources to target\classes
[INFO] 
[INFO] --- compiler:3.11.0:compile (default-compile) @ eventvenue-backend ---
[INFO] Changes detected - recompiling the module! :source
[INFO] Compiling 95 source files with javac [debug release 17] to target\classes
[INFO] -------------------------------------------------------------
[WARNING] COMPILATION WARNING : 
[INFO] -------------------------------------------------------------
[WARNING] /C:/Users/saisw/OneDrive/SriSai/Elite/working/Final Project/eventvenuebookingplatform72224233 (12)/backend/src/main/java/com/eventvenue/entity/Vendor.java:[41,20] @Builder will ignore the initializing expression entirely. If you want the initializing expression to serve as default, add @Builder.Default. If it is not supposed to be settable during building, make the field final.
[WARNING] /C:/Users/saisw/OneDrive/SriSai/Elite/working/Final Project/eventvenuebookingplatform72224233 (12)/backend/src/main/java/com/eventvenue/entity/AdminUser.java:[29,20] @Builder will ignore the initializing expression entirely. If you want the initializing expression to serve as default, add @Builder.Default. If it is not supposed to be settable during building, make the field final.
[WARNING] /C:/Users/saisw/OneDrive/SriSai/Elite/working/Final Project/eventvenuebookingplatform72224233 (12)/backend/src/main/java/com/eventvenue/entity/Event.java:[53,20] @Builder will ignore the initializing expression entirely. If you want the initializing expression to serve as default, add @Builder.Default. If it is not supposed to be settable during building, make the field final.
[WARNING] /C:/Users/saisw/OneDrive/SriSai/Elite/working/Final Project/eventvenuebookingplatform72224233 (12)/backend/src/main/java/com/eventvenue/entity/Event.java:[63,21] @Builder will ignore the initializing expression entirely. If you want the initializing expression to serve as default, add @Builder.Default. If it is not supposed to be settable during building, make the field final.
[WARNING] /C:/Users/saisw/OneDrive/SriSai/Elite/working/Final Project/eventvenuebookingplatform72224233 (12)/backend/src/main/java/com/eventvenue/entity/Event.java:[66,21] @Builder will ignore the initializing expression entirely. If you want the initializing expression to serve as default, add @Builder.Default. If it is not supposed to be settable during building, make the field final.
[WARNING] /C:/Users/saisw/OneDrive/SriSai/Elite/working/Final Project/eventvenuebookingplatform72224233 (12)/backend/src/main/java/com/eventvenue/entity/Event.java:[90,21] @Builder will ignore the initializing expression entirely. If you want the initializing expression to serve as default, add @Builder.Default. If it is not supposed to be settable during building, make the field final.
[WARNING] /C:/Users/saisw/OneDrive/SriSai/Elite/working/Final Project/eventvenuebookingplatform72224233 (12)/backend/src/main/java/com/eventvenue/entity/User.java:[42,20] @Builder will ignore the initializing expression entirely. If you want the initializing expression to serve as default, add @Builder.Default. If it is not supposed to be settable during building, make the field final.
[WARNING] /C:/Users/saisw/OneDrive/SriSai/Elite/working/Final Project/eventvenuebookingplatform72224233 (12)/backend/src/main/java/com/eventvenue/entity/Booking.java:[56,20] @Builder will ignore the initializing expression entirely. If you want the initializing expression to serve as default, add @Builder.Default. If it is not supposed to be settable during building, make the field final.
[WARNING] /C:/Users/saisw/OneDrive/SriSai/Elite/working/Final Project/eventvenuebookingplatform72224233 (12)/backend/src/main/java/com/eventvenue/entity/Booking.java:[59,20] @Builder will ignore the initializing expression entirely. If you want the initializing expression to serve as default, add @Builder.Default. If it is not supposed to be settable during building, make the field final.
[WARNING] /C:/Users/saisw/OneDrive/SriSai/Elite/working/Final Project/eventvenuebookingplatform72224233 (12)/backend/src/main/java/com/eventvenue/entity/OtpVerification.java:[32,21] @Builder will ignore the initializing expression entirely. If you want the initializing expression to serve as default, add @Builder.Default. If it is not supposed to be settable during building, make the field final.
[WARNING] /C:/Users/saisw/OneDrive/SriSai/Elite/working/Final Project/eventvenuebookingplatform72224233 (12)/backend/src/main/java/com/eventvenue/entity/EventSeat.java:[34,20] @Builder will ignore the initializing expression entirely. If you want the initializing expression to serve as default, add @Builder.Default. If it is not supposed to be settable during building, make the field final.
[WARNING] /C:/Users/saisw/OneDrive/SriSai/Elite/working/Final Project/eventvenuebookingplatform72224233 (12)/backend/src/main/java/com/eventvenue/entity/SeatCategory.java:[30,20] @Builder will ignore the initializing expression entirely. If you want the initializing expression to serve as default, add @Builder.Default. If it is not supposed to be settable during building, make the field final.
[WARNING] /C:/Users/saisw/OneDrive/SriSai/Elite/working/Final Project/eventvenuebookingplatform72224233 (12)/backend/src/main/java/com/eventvenue/entity/SeatCategory.java:[42,21] @Builder will ignore the initializing expression entirely. If you want the initializing expression to serve as default, add @Builder.Default. If it is not supposed to be settable during building, make the field final.
[INFO] 13 warnings 
[INFO] -------------------------------------------------------------
[INFO] -------------------------------------------------------------
[ERROR] COMPILATION ERROR : 
[INFO] -------------------------------------------------------------
[ERROR] /C:/Users/saisw/OneDrive/SriSai/Elite/working/Final Project/eventvenuebookingplatform72224233 (12)/backend/src/main/java/com/eventvenue/service/EmailService.java:[149,23] unreported exception java.io.UnsupportedEncodingException; must be caught or declared to be thrown
[ERROR] /C:/Users/saisw/OneDrive/SriSai/Elite/working/Final Project/eventvenuebookingplatform72224233 (12)/backend/src/main/java/com/eventvenue/service/VendorService.java:[190,25] cannot find symbol
  symbol:   method sendVendorApprovalEmail(java.lang.String,java.lang.String)
  location: variable emailService of type com.eventvenue.service.EmailService
[ERROR] /C:/Users/saisw/OneDrive/SriSai/Elite/working/Final Project/eventvenuebookingplatform72224233 (12)/backend/src/main/java/com/eventvenue/service/VendorService.java:[210,25] cannot find symbol
  symbol:   method sendVendorRejectionEmail(java.lang.String,java.lang.String,java.lang.String)
  location: variable emailService of type com.eventvenue.service.EmailService
[ERROR] /C:/Users/saisw/OneDrive/SriSai/Elite/working/Final Project/eventvenuebookingplatform72224233 (12)/backend/src/main/java/com/eventvenue/service/BookingService.java:[640,33] cannot find symbol
  symbol:   method sendBookingConfirmationInvoice(java.lang.String,java.lang.String,java.lang.Long,java.lang.String,java.lang.String,java.lang.String,event.getE[...]"TBA",java.lang.String,int,double,int,double,double,int,double,int,int)
  location: variable emailService of type com.eventvenue.service.EmailService
[ERROR] /C:/Users/saisw/OneDrive/SriSai/Elite/working/Final Project/eventvenuebookingplatform72224233 (12)/backend/src/main/java/com/eventvenue/service/BookingService.java:[667,33] cannot find symbol
  symbol:   method sendBookingConfirmationInvoice(java.lang.String,java.lang.String,java.lang.Long,java.lang.String,java.lang.String,java.lang.String,java.lang.String,java.lang.String,int,double,int,double,double,int,double,int,int)
  location: variable emailService of type com.eventvenue.service.EmailService
[ERROR] /C:/Users/saisw/OneDrive/SriSai/Elite/working/Final Project/eventvenuebookingplatform72224233 (12)/backend/src/main/java/com/eventvenue/service/BookingService.java:[737,25] cannot find symbol
  symbol:   method sendBookingCancellationInvoice(java.lang.String,java.lang.String,java.lang.Long,java.lang.String,java.lang.String,java.lang.String,double,int,double,java.lang.Integer,java.lang.Integer,java.lang.String,int)
  location: variable emailService of type com.eventvenue.service.EmailService
[ERROR] /C:/Users/saisw/OneDrive/SriSai/Elite/working/Final Project/eventvenuebookingplatform72224233 (12)/backend/src/main/java/com/eventvenue/service/EventService.java:[329,37] cannot find symbol
  symbol:   method sendEventRescheduleNotification(java.lang.String,java.lang.String,java.lang.String,oldDate !=[...]"N/A",oldTime !=[...]"N/A",java.lang.String,newDate !=[...]"N/A",newTime !=[...]"N/A",newLocatio[...]ation,java.lang.String)
  location: variable emailService of type com.eventvenue.service.EmailService
[ERROR] /C:/Users/saisw/OneDrive/SriSai/Elite/working/Final Project/eventvenuebookingplatform72224233 (12)/backend/src/main/java/com/eventvenue/service/EventService.java:[383,37] cannot find symbol
  symbol:   method sendEventCancellationNotification(java.lang.String,java.lang.String,java.lang.String,java.lang.String,int)
  location: variable emailService of type com.eventvenue.service.EmailService
[ERROR] /C:/Users/saisw/OneDrive/SriSai/Elite/working/Final Project/eventvenuebookingplatform72224233 (12)/backend/src/main/java/com/eventvenue/controller/AuthController.java:[253,33] cannot find symbol
  symbol:   method sendVendorVerificationSuccess(java.lang.String,java.lang.String)
  location: variable emailService of type com.eventvenue.service.EmailService
[INFO] 9 errors 
[INFO] -------------------------------------------------------------
[INFO] ------------------------------------------------------------------------
[INFO] BUILD FAILURE
[INFO] ------------------------------------------------------------------------
[INFO] Total time:  5.902 s
[INFO] Finished at: 2026-01-19T11:50:22+05:30
[INFO] ------------------------------------------------------------------------
[ERROR] Failed to execute goal org.apache.maven.plugins:maven-compiler-plugin:3.11.0:compile (default-compile) on project eventvenue-backend: Compilation failure: Compilation failure: 
[ERROR] /C:/Users/saisw/OneDrive/SriSai/Elite/working/Final Project/eventvenuebookingplatform72224233 (12)/backend/src/main/java/com/eventvenue/service/EmailService.java:[149,23] unreported exception java.io.UnsupportedEncodingException; must be caught or declared to be thrown
[ERROR] /C:/Users/saisw/OneDrive/SriSai/Elite/working/Final Project/eventvenuebookingplatform72224233 (12)/backend/src/main/java/com/eventvenue/service/VendorService.java:[190,25] cannot find symbol
[ERROR]   symbol:   method sendVendorApprovalEmail(java.lang.String,java.lang.String)
[ERROR]   location: variable emailService of type com.eventvenue.service.EmailService
[ERROR] /C:/Users/saisw/OneDrive/SriSai/Elite/working/Final Project/eventvenuebookingplatform72224233 (12)/backend/src/main/java/com/eventvenue/service/VendorService.java:[210,25] cannot find symbol
[ERROR]   symbol:   method sendVendorRejectionEmail(java.lang.String,java.lang.String,java.lang.String)
[ERROR]   location: variable emailService of type com.eventvenue.service.EmailService
[ERROR] /C:/Users/saisw/OneDrive/SriSai/Elite/working/Final Project/eventvenuebookingplatform72224233 (12)/backend/src/main/java/com/eventvenue/service/BookingService.java:[640,33] cannot find symbol
[ERROR]   symbol:   method sendBookingConfirmationInvoice(java.lang.String,java.lang.String,java.lang.Long,java.lang.String,java.lang.String,java.lang.String,event.getE[...]"TBA",java.lang.String,int,double,int,double,double,int,double,int,int)
[ERROR]   location: variable emailService of type com.eventvenue.service.EmailService
[ERROR] /C:/Users/saisw/OneDrive/SriSai/Elite/working/Final Project/eventvenuebookingplatform72224233 (12)/backend/src/main/java/com/eventvenue/service/BookingService.java:[667,33] cannot find symbol
[ERROR]   symbol:   method sendBookingConfirmationInvoice(java.lang.String,java.lang.String,java.lang.Long,java.lang.String,java.lang.String,java.lang.String,java.lang.String,java.lang.String,int,double,int,double,double,int,double,int,int)
[ERROR]   location: variable emailService of type com.eventvenue.service.EmailService
[ERROR] /C:/Users/saisw/OneDrive/SriSai/Elite/working/Final Project/eventvenuebookingplatform72224233 (12)/backend/src/main/java/com/eventvenue/service/BookingService.java:[737,25] cannot find symbol
[ERROR]   symbol:   method sendBookingCancellationInvoice(java.lang.String,java.lang.String,java.lang.Long,java.lang.String,java.lang.String,java.lang.String,double,int,double,java.lang.Integer,java.lang.Integer,java.lang.String,int)
[ERROR]   location: variable emailService of type com.eventvenue.service.EmailService
[ERROR] /C:/Users/saisw/OneDrive/SriSai/Elite/working/Final Project/eventvenuebookingplatform72224233 (12)/backend/src/main/java/com/eventvenue/service/EventService.java:[329,37] cannot find symbol
[ERROR]   symbol:   method sendEventRescheduleNotification(java.lang.String,java.lang.String,java.lang.String,oldDate !=[...]"N/A",oldTime !=[...]"N/A",java.lang.String,newDate !=[...]"N/A",newTime !=[...]"N/A",newLocatio[...]ation,java.lang.String)
[ERROR]   location: variable emailService of type com.eventvenue.service.EmailService
[ERROR] /C:/Users/saisw/OneDrive/SriSai/Elite/working/Final Project/eventvenuebookingplatform72224233 (12)/backend/src/main/java/com/eventvenue/service/EventService.java:[383,37] cannot find symbol
[ERROR]   symbol:   method sendEventCancellationNotification(java.lang.String,java.lang.String,java.lang.String,java.lang.String,int)
[ERROR]   location: variable emailService of type com.eventvenue.service.EmailService
[ERROR] /C:/Users/saisw/OneDrive/SriSai/Elite/working/Final Project/eventvenuebookingplatform72224233 (12)/backend/src/main/java/com/eventvenue/controller/AuthController.java:[253,33] cannot find symbol
[ERROR]   symbol:   method sendVendorVerificationSuccess(java.lang.String,java.lang.String)
[ERROR]   location: variable emailService of type com.eventvenue.service.EmailService
[ERROR] -> [Help 1]
[ERROR] 
[ERROR] To see the full stack trace of the errors, re-run Maven with the -e switch.
[ERROR] Re-run Maven using the -X switch to enable full debug logging.
[ERROR] 
[ERROR] For more information about the errors and possible solutions, please read the following articles:
[ERROR] [Help 1] http://cwiki.apache.org/confluence/display/MAVEN/MojoFailureException
